alabama: tf=1-888-942-4673 | Alabama Department of Public Health
alaska: tf=- | Department of Health
arizona: tf=1-800-252-5942 | Arizona Department of Health Services
arkansas: tf=1-800-253-0002 | Arkansas Department of Health
california: tf=800-852-5770 | Department of Public Health
colorado: tf=- | Colorado Department of Public Health & E
connecticut: tf=1-800-741-2142 | Connecticut State Department of Public H
delaware: tf=1-800-222-2189 | Delaware Health and Social Services
district-of-columbia: tf=- | 
florida: tf=1-800-922-3936 | Florida Department of Health
georgia: tf=1-800-228-9173 | Georgia Department of Public Health
hawaii: tf=- | Hawaii Department of Health
idaho: tf=1-866-347-5484 | Idaho Department of Health & Welfare
illinois: tf=1-800-323-4769 | Illinois Department of Human Services
indiana: tf=800-522-0874 | Indiana Department of Health
iowa: tf=1-800-532-1579 | Iowa Health and Human Services
kansas: tf=- | Kansas Department of Health and Environm
kentucky: tf=1-800-462-6122 | Kentucky Department of Public Health
louisiana: tf=1-800-251-2229 | Louisiana Department of Health
maine: tf=1-800-437-9300 | Maine Department of Health and Human Ser
maryland: tf=1-800-242-4942 | Maryland Department of Health
massachusetts: tf=1-800-942-1007 | Massachusetts Department of Public Healt
michigan: tf=1-800-942-1636 | Michigan Department of Health and Human 
minnesota: tf=1-800-657-3942 | Minnesota Department of Health
mississippi: tf=1-800-545-7647 | Mississippi State Department of Health
missouri: tf=1-800-392-8209 | Missouri Department of Health and Senior
montana: tf=1-800-433-4298 | Montana Department of Public Health and 
nebraska: tf=1-800-942-1171 | Nebraska Department of Health and Human 
nevada: tf=1-800-863-8942 | Nevada Department of Health and Human Se
new-hampshire: tf=1-800-942-4321 | New Hampshire Department of Health and H
new-jersey: tf=1-800-328-3838 | New Jersey Department of Health
new-mexico: tf=1-866-867-3124 | New Mexico Department of Health
new-york: tf=1-800-522-5006 | New York State Department of Health
north-carolina: tf=- | North Carolina Department of Health and 
north-dakota: tf=1-800-472-2286 | North Dakota Health and Human Services
ohio: tf=1-800-755-4769 | Ohio Department of Health
oklahoma: tf=1-888-655-2942 | Oklahoma State Department of Health
oregon: tf=1-800-723-3638 | Oregon Health Authority
pennsylvania: tf=1-800-942-9467 | Pennsylvania Department of Health
rhode-island: tf=1-800-942-7434 | Rhode Island Department of Health
south-carolina: tf=1-800-922-4406 | South Carolina Department of Public Heal
south-dakota: tf=1-800-738-2301 | South Dakota Department of Health
tennessee: tf=1-800-342-5942 | Tennessee Department of Health
texas: tf=800-942-3678 | Texas Health and Human Services
utah: tf=1-877-942-5437 | Utah Department of Health and Human Serv
vermont: tf=- | Vermont Department of Health
virginia: tf=1-888-942-3663 | Virginia Department of Health
washington: tf=- | Washington State Department of Health
west-virginia: tf=- | West Virginia Department of Health
wisconsin: tf=1-800-642-7837 | Wisconsin Department of Health Services
wyoming: tf=1-888-996-9378 | Wyoming Department of Health
puerto-rico: tf=- | Puerto Rico Department of Health
guam: tf=- | Guam Department of Public Health and Soc
american-samoa: tf=- | Department of Human and Social Services
virgin-islands: tf=- | Virgin Islands Department of Health
northern-mariana-islands: tf=- | 

GUARDADAS: 56 | con toll-free: 42 | con online apply: 0
